/home/mmllllyyy/chiner-java/src/test/java/cn/com/chiner/dbtype/DB2Test.java
/home/mmllllyyy/chiner-java/src/test/java/cn/com/chiner/GenDocxTest.java
/home/mmllllyyy/chiner-java/src/test/java/cn/com/chiner/dbtype/KingbaseTest.java
/home/mmllllyyy/chiner-java/src/test/java/cn/com/chiner/dbtype/OracleTest.java
/home/mmllllyyy/chiner-java/src/test/java/cn/com/chiner/dbtype/DorisTest.java
/home/mmllllyyy/chiner-java/src/test/java/cn/com/chiner/dbtype/GuassDBTest.java
/home/mmllllyyy/chiner-java/src/test/java/cn/com/chiner/ApplicationTest.java
/home/mmllllyyy/chiner-java/src/test/java/cn/com/chiner/dbtype/OracleSchemaQueryTest.java
/home/mmllllyyy/chiner-java/src/test/java/cn/com/chiner/h2/ConnPingTest.java
/home/mmllllyyy/chiner-java/src/test/java/cn/com/chiner/dbtype/Hive4PostgreSQLTest.java
/home/mmllllyyy/chiner-java/src/test/java/cn/com/chiner/DDLParseTest.java
/home/mmllllyyy/chiner-java/src/test/java/cn/com/chiner/dbtype/GBaseTest.java
/home/mmllllyyy/chiner-java/src/test/java/cn/com/chiner/dbtype/DaMengTest.java
/home/mmllllyyy/chiner-java/src/test/java/cn/com/chiner/dbtype/SQLServerTest.java
/home/mmllllyyy/chiner-java/src/test/java/cn/com/chiner/dbtype/PostgreSchemaQueryTest.java
/home/mmllllyyy/chiner-java/src/test/java/cn/com/chiner/dbtype/SQLiteDBTest.java
/home/mmllllyyy/chiner-java/src/test/java/cn/com/chiner/dbtype/MySQLDBTest.java
/home/mmllllyyy/chiner-java/src/test/java/cn/com/chiner/dbtype/MaxComputeTest.java
/home/mmllllyyy/chiner-java/src/test/java/cn/com/chiner/dbtype/PostgreSQLTest.java
/home/mmllllyyy/chiner-java/src/test/java/cn/com/chiner/dbtype/LoalMySQLTest.java
/home/mmllllyyy/chiner-java/src/test/java/cn/com/chiner/dbtype/Hive4MySQLTest.java
/home/mmllllyyy/chiner-java/src/test/java/cn/com/chiner/dbtype/MySQLSchemaQueryTest.java
