cn/com/chiner/java/Application$2.class
cn/com/chiner/java/dialect/impl/DBDialectPostgreSQLByQuery.class
cn/fisok/raw/kit/FileKit.class
cn/fisok/raw/kit/DateKit.class
cn/com/chiner/java/command/impl/HttpParserImpl.class
cn/com/chiner/java/dialect/impl/DBDialectSQLite.class
cn/com/chiner/java/command/kit/ConnParseKit.class
cn/com/chiner/java/dialect/impl/DBDialectPostgreSQL.class
cn/com/chiner/java/command/impl/excel/ParseExcelAsSimple.class
cn/com/chiner/java/model/Project.class
cn/com/chiner/java/model/Dict.class
cn/com/chiner/java/command/Command.class
cn/fisok/raw/lang/RawException.class
cn/com/chiner/java/dialect/impl/DBDialectMySQL.class
cn/com/chiner/java/model/TableIndexColumnField.class
cn/fisok/raw/lang/ValueObject.class
cn/com/chiner/java/dialect/impl/DBDialectSQLite$DataType.class
cn/com/chiner/java/command/impl/ParseExcelFileImpl.class
cn/fisok/raw/kit/ValidateKit.class
cn/com/chiner/java/pdm/model/PDBaseObject.class
cn/com/chiner/java/model/ColumnField.class
cn/com/chiner/java/dialect/impl/DBDialectOracleByQuery.class
cn/com/chiner/java/image/TrimPictureWhite.class
cn/fisok/raw/kit/StringKit.class
cn/com/chiner/java/model/ProjectOriginal.class
cn/com/chiner/java/model/Module.class
cn/fisok/raw/io/ByteInputStream.class
cn/com/chiner/java/dialect/impl/DBDialectHivePostgreSQL.class
cn/com/chiner/java/model/TableEntity.class
cn/com/chiner/java/command/impl/ParsePDMFileImpl$2.class
cn/com/chiner/java/dialect/DBDialectMatcher.class
cn/com/chiner/java/Application.class
cn/fisok/raw/holder/DateHolder.class
cn/com/chiner/java/dialect/impl/DBDialectMySQLByQuery.class
cn/com/chiner/java/pdm/model/PDColumn.class
cn/com/chiner/java/pdm/model/PDTable.class
cn/com/chiner/java/dialect/impl/DBDialectDM.class
cn/com/chiner/java/command/impl/PingLoadDriverClassImpl.class
cn/com/chiner/java/pdm/model/PDKey.class
cn/com/chiner/java/command/impl/excel/ExcelCommonUtils.class
cn/com/chiner/java/dialect/impl/DBDialectSQLServer.class
cn/com/chiner/java/command/impl/ParseDDLToTableImpl.class
cn/com/chiner/java/dialect/impl/DBDialectDB2.class
cn/com/chiner/java/command/impl/GenDocxImpl.class
cn/fisok/raw/kit/JdbcKit.class
cn/com/chiner/java/dialect/impl/DBDialectKingbase.class
cn/fisok/raw/kit/IOKit.class
cn/com/chiner/java/pdm/model/PrimaryKey.class
cn/com/chiner/java/command/impl/DBReverseGetTableDDLImpl.class
cn/fisok/sqloy/core/DBType.class
cn/com/chiner/java/dialect/DBDialect.class
cn/com/chiner/java/dialect/impl/DBDialectMetaByQuery.class
cn/com/chiner/java/log/LogHomeProperty.class
cn/fisok/raw/io/ByteOutputStream.class
cn/com/chiner/java/Application$1.class
cn/com/chiner/java/command/impl/ParsePDMFileImpl$1.class
cn/com/chiner/java/dialect/impl/DBDialectGBaseByQuery$1.class
cn/com/chiner/java/command/ExecResult.class
cn/com/chiner/java/command/impl/ParseExcelFileImpl$1.class
cn/com/chiner/java/command/impl/ParsePDMFileImpl.class
cn/com/chiner/java/model/TableIndex.class
cn/com/chiner/java/command/impl/DBReverseGetAllTablesListImpl.class
cn/com/chiner/java/model/View.class
cn/fisok/raw/kit/JSONKit.class
cn/com/chiner/java/dialect/impl/DBDialectGBaseByQuery.class
cn/fisok/raw/lang/ValueObject$ValueType.class
cn/fisok/raw/RawConsts.class
cn/com/chiner/java/model/GroupTopic.class
cn/fisok/sqloy/kit/DBTypeKit.class
cn/com/chiner/java/dialect/DBDialectMatcher$1.class
cn/com/chiner/java/pdm/model/PDDomain.class
cn/com/chiner/java/command/impl/AbstractDBCommand.class
cn/com/chiner/java/model/DictItem.class
cn/com/chiner/java/command/impl/excel/ExcelCommonUtils$1.class
cn/com/chiner/java/command/impl/excel/ParseExcelAsTopic.class
cn/com/chiner/java/dialect/impl/DBDialectHiveMySQL.class
cn/com/chiner/java/model/Domain.class
cn/com/chiner/java/model/Diagram.class
cn/com/chiner/java/dialect/impl/DBDialectOracle.class
