/home/mmllllyyy/chiner-java/src/main/java/cn/com/chiner/java/command/impl/ParseDDLToTableImpl.java
/home/mmllllyyy/chiner-java/src/main/java/cn/com/chiner/java/dialect/impl/DBDialectPostgreSQL.java
/home/mmllllyyy/chiner-java/src/main/java/cn/fisok/raw/lang/ValueObject.java
/home/mmllllyyy/chiner-java/src/main/java/cn/com/chiner/java/command/impl/ParsePDMFileImpl.java
/home/mmllllyyy/chiner-java/src/main/java/cn/com/chiner/java/command/impl/DBReverseGetAllTablesListImpl.java
/home/mmllllyyy/chiner-java/src/main/java/cn/fisok/raw/holder/DateHolder.java
/home/mmllllyyy/chiner-java/src/main/java/cn/com/chiner/java/command/impl/excel/ParseExcelAsSimple.java
/home/mmllllyyy/chiner-java/src/main/java/cn/com/chiner/java/dialect/impl/DBDialectPostgreSQLByQuery.java
/home/mmllllyyy/chiner-java/src/main/java/cn/com/chiner/java/dialect/impl/DBDialectMySQL.java
/home/mmllllyyy/chiner-java/src/main/java/cn/fisok/raw/io/ByteInputStream.java
/home/mmllllyyy/chiner-java/src/main/java/cn/com/chiner/java/dialect/impl/DBDialectMySQLByQuery.java
/home/mmllllyyy/chiner-java/src/main/java/cn/fisok/sqloy/kit/DBTypeKit.java
/home/mmllllyyy/chiner-java/src/main/java/cn/fisok/raw/kit/DateKit.java
/home/mmllllyyy/chiner-java/src/main/java/cn/com/chiner/java/command/kit/ConnParseKit.java
/home/mmllllyyy/chiner-java/src/main/java/cn/fisok/raw/kit/ValidateKit.java
/home/mmllllyyy/chiner-java/src/main/java/cn/com/chiner/java/dialect/DBDialectMatcher.java
/home/mmllllyyy/chiner-java/src/main/java/cn/com/chiner/java/command/impl/GenDocxImpl.java
/home/mmllllyyy/chiner-java/src/main/java/cn/com/chiner/java/model/View.java
/home/mmllllyyy/chiner-java/src/main/java/cn/com/chiner/java/dialect/impl/DBDialectOracle.java
/home/mmllllyyy/chiner-java/src/main/java/cn/com/chiner/java/model/ColumnField.java
/home/mmllllyyy/chiner-java/src/main/java/cn/com/chiner/java/pdm/model/PDTable.java
/home/mmllllyyy/chiner-java/src/main/java/cn/com/chiner/java/model/Project.java
/home/mmllllyyy/chiner-java/src/main/java/cn/com/chiner/java/image/TrimPictureWhite.java
/home/mmllllyyy/chiner-java/src/main/java/cn/com/chiner/java/command/ExecResult.java
/home/mmllllyyy/chiner-java/src/main/java/cn/com/chiner/java/pdm/model/PDColumn.java
/home/mmllllyyy/chiner-java/src/main/java/cn/fisok/raw/io/ByteOutputStream.java
/home/mmllllyyy/chiner-java/src/main/java/cn/com/chiner/java/dialect/impl/DBDialectGBaseByQuery.java
/home/mmllllyyy/chiner-java/src/main/java/cn/com/chiner/java/command/impl/PingLoadDriverClassImpl.java
/home/mmllllyyy/chiner-java/src/main/java/cn/com/chiner/java/model/Diagram.java
/home/mmllllyyy/chiner-java/src/main/java/cn/fisok/raw/lang/RawException.java
/home/mmllllyyy/chiner-java/src/main/java/cn/fisok/raw/kit/StringKit.java
/home/mmllllyyy/chiner-java/src/main/java/cn/com/chiner/java/dialect/impl/DBDialectHivePostgreSQL.java
/home/mmllllyyy/chiner-java/src/main/java/cn/com/chiner/java/model/Dict.java
/home/mmllllyyy/chiner-java/src/main/java/cn/com/chiner/java/dialect/impl/DBDialectHiveMySQL.java
/home/mmllllyyy/chiner-java/src/main/java/cn/com/chiner/java/dialect/impl/DBDialectSQLServer.java
/home/mmllllyyy/chiner-java/src/main/java/cn/com/chiner/java/model/ProjectOriginal.java
/home/mmllllyyy/chiner-java/src/main/java/cn/com/chiner/java/pdm/model/PDDomain.java
/home/mmllllyyy/chiner-java/src/main/java/cn/com/chiner/java/model/GroupTopic.java
/home/mmllllyyy/chiner-java/src/main/java/cn/com/chiner/java/command/Command.java
/home/mmllllyyy/chiner-java/src/main/java/cn/fisok/raw/kit/JSONKit.java
/home/mmllllyyy/chiner-java/src/main/java/cn/com/chiner/java/dialect/impl/DBDialectMetaByQuery.java
/home/mmllllyyy/chiner-java/src/main/java/cn/fisok/raw/RawConsts.java
/home/mmllllyyy/chiner-java/src/main/java/cn/com/chiner/java/pdm/model/PrimaryKey.java
/home/mmllllyyy/chiner-java/src/main/java/cn/com/chiner/java/command/impl/DBReverseGetTableDDLImpl.java
/home/mmllllyyy/chiner-java/src/main/java/cn/com/chiner/java/model/TableEntity.java
/home/mmllllyyy/chiner-java/src/main/java/cn/com/chiner/java/command/impl/HttpParserImpl.java
/home/mmllllyyy/chiner-java/src/main/java/cn/com/chiner/java/pdm/model/PDKey.java
/home/mmllllyyy/chiner-java/src/main/java/cn/fisok/raw/kit/JdbcKit.java
/home/mmllllyyy/chiner-java/src/main/java/cn/com/chiner/java/dialect/impl/DBDialectDB2.java
/home/mmllllyyy/chiner-java/src/main/java/cn/com/chiner/java/dialect/impl/DBDialectKingbase.java
/home/mmllllyyy/chiner-java/src/main/java/cn/fisok/raw/kit/FileKit.java
/home/mmllllyyy/chiner-java/src/main/java/cn/com/chiner/java/command/impl/AbstractDBCommand.java
/home/mmllllyyy/chiner-java/src/main/java/cn/com/chiner/java/model/TableIndexColumnField.java
/home/mmllllyyy/chiner-java/src/main/java/cn/com/chiner/java/log/LogHomeProperty.java
/home/mmllllyyy/chiner-java/src/main/java/cn/com/chiner/java/model/DictItem.java
/home/mmllllyyy/chiner-java/src/main/java/cn/com/chiner/java/model/Module.java
/home/mmllllyyy/chiner-java/src/main/java/cn/com/chiner/java/dialect/impl/DBDialectSQLite.java
/home/mmllllyyy/chiner-java/src/main/java/cn/com/chiner/java/command/impl/excel/ExcelCommonUtils.java
/home/mmllllyyy/chiner-java/src/main/java/cn/com/chiner/java/dialect/DBDialect.java
/home/mmllllyyy/chiner-java/src/main/java/cn/fisok/raw/kit/IOKit.java
/home/mmllllyyy/chiner-java/src/main/java/cn/com/chiner/java/pdm/model/PDBaseObject.java
/home/mmllllyyy/chiner-java/src/main/java/cn/com/chiner/java/Application.java
/home/mmllllyyy/chiner-java/src/main/java/cn/com/chiner/java/model/Domain.java
/home/mmllllyyy/chiner-java/src/main/java/cn/com/chiner/java/model/TableIndex.java
/home/mmllllyyy/chiner-java/src/main/java/cn/com/chiner/java/command/impl/ParseExcelFileImpl.java
/home/mmllllyyy/chiner-java/src/main/java/cn/com/chiner/java/command/impl/excel/ParseExcelAsTopic.java
/home/mmllllyyy/chiner-java/src/main/java/cn/com/chiner/java/dialect/impl/DBDialectDM.java
/home/mmllllyyy/chiner-java/src/main/java/cn/com/chiner/java/dialect/impl/DBDialectOracleByQuery.java
/home/mmllllyyy/chiner-java/src/main/java/cn/fisok/sqloy/core/DBType.java
